// Jest Snapshot v1, https://goo.gl/fbAQLP

exports[`<BeanListPage /> renders BeanListPage by default 1`] = `<BeanListPage />`;
